../Core/Src/main.c:50:5:main	16	static
../Core/Src/main.c:94:6:USART1_IRQHandler	16	static
../Core/Src/main.c:103:6:UpdateInputs	32	static
../Core/Src/main.c:122:6:UpdateOutputs	40	static
../Core/Src/main.c:134:6:transmit_data	72	static
../Core/Src/main.c:151:6:Update_PWM_From_Velocity	16	static
../Core/Src/main.c:162:6:BridgeUART_data	72	static
../Core/Src/main.c:210:6:UpdateLCD	24	static
../Core/Src/main.c:226:6:USER_GPIO_Init	8	static
../Core/Src/main.c:243:6:USER_RCC_Init	8	static
../Core/Src/main.c:255:6:L298N_Init	8	static
