../Src/main.c:49:5:main	24	static
../Src/main.c:114:6:USART1_IRQHandler	56	static
../Src/main.c:147:6:transmit_data	104	static
../Src/main.c:161:6:TIM16_IRQHandler	8	static
../Src/main.c:168:9:delay_elapsed	16	static
../Src/main.c:176:6:UpdateInputs	8	static
../Src/main.c:183:6:Update_PWM_From_Velocity	32	static
../Src/main.c:196:6:UpdateLCD	8	static
../Src/main.c:211:6:UpdateOutputs	16	static
../Src/main.c:216:6:LCD_Show_InputTime	8	static
../Src/main.c:225:6:LCD_Show_OutputTime	8	static
../Src/main.c:234:6:LCD_Show_TxTime	8	static
